                              OVERTIME REPORT                                             PAGE   1
------------------------------------------------------------------------------------------------------------------------------------
EMP99991  WORKAHOLIC, MAX                       HOURS:    168.0  OT PAY: $5,360.00
EMP00188  JOHNSON, WILLIAM                      HOURS:     56.4  OT PAY: $1,891.74
EMP00136  LEWIS, EDWARD                         HOURS:     57.2  OT PAY: $1,940.67
EMP00523  HARRIS, THOMAS                        HOURS:     57.3  OT PAY: $1,926.70
EMP00348  GREEN, ASHLEY                         HOURS:     59.4  OT PAY: $2,031.18
EMP00395  GREEN, LINDA                          HOURS:     57.6  OT PAY: $1,851.16
EMP00061  RIVERA, SHARON                        HOURS:     59.6  OT PAY: $1,928.05
EMP00514  GONZALEZ, DAVID                       HOURS:     53.4  OT PAY: $1,454.97
EMP00220  EVANS, CAROL                          HOURS:     52.9  OT PAY: $1,406.10
EMP00178  GARCIA, ANTHONY                       HOURS:     55.9  OT PAY: $1,598.90
EMP00330  EVANS, ASHLEY                         HOURS:     49.9  OT PAY: $1,138.20
EMP00225  ADAMS, GEORGE                         HOURS:     58.7  OT PAY: $1,726.94
EMP00343  LOPEZ, CAROL                          HOURS:     55.6  OT PAY: $1,396.51
EMP00534  MITCHELL, MARY                        HOURS:     50.5  OT PAY: $1,046.74
EMP00424  NELSON, WILLIAM                       HOURS:     53.7  OT PAY: $1,246.15
EMP00293  WHITE, WILLIAM                        HOURS:     59.2  OT PAY: $1,474.75
EMP00245  PEREZ, LISA                           HOURS:     44.1  OT PAY:   $465.22
EMP00436  LOPEZ, LINDA                          HOURS:     46.2  OT PAY:   $657.69
EMP00442  JOHNSON, LISA                         HOURS:     46.8  OT PAY:   $698.08
EMP00173  CARTER, DONALD                        HOURS:     48.8  OT PAY:   $852.19
EMP00525  ALLEN, DEBORAH                        HOURS:     56.2  OT PAY: $1,287.90
EMP00041  FLORES, DAVID                         HOURS:     52.1  OT PAY: $1,062.25
EMP00110  CAMPBELL, AMY                         HOURS:     50.4  OT PAY:   $915.20
EMP00368  WILLIAMS, KIMBERLY                    HOURS:     50.0  OT PAY:   $881.10
EMP00537  HARRIS, JENNIFER                      HOURS:     45.7  OT PAY:   $553.75
EMP00302  PHILLIPS, DOROTHY                     HOURS:     52.7  OT PAY: $1,006.34
EMP00251  TORRES, AMY                           HOURS:     53.8  OT PAY: $1,062.46
EMP00118  GOMEZ, SANDRA                         HOURS:     42.5  OT PAY:   $262.90
EMP00239  RAMIREZ, DONNA                        HOURS:     45.8  OT PAY:   $547.23
EMP00267  MARTIN, JOHN                          HOURS:     54.2  OT PAY: $1,057.90
EMP00314  ROBINSON, BRIAN                       HOURS:     50.6  OT PAY:   $855.73
EMP00218  WRIGHT, BETTY                         HOURS:     44.0  OT PAY:   $381.36
EMP00180  THOMPSON, ASHLEY                      HOURS:     51.1  OT PAY:   $847.48
EMP00390  RIVERA, ANDREW                        HOURS:     46.7  OT PAY:   $575.32
EMP00333  MARTIN, MICHELLE                      HOURS:     56.6  OT PAY: $1,072.19
EMP00262  WALKER, BRIAN                         HOURS:     51.7  OT PAY:   $848.01
EMP00179  HALL, MARK                            HOURS:     44.9  OT PAY:   $424.24
EMP00141  WRIGHT, EMILY                         HOURS:     53.8  OT PAY:   $926.67
EMP00192  HALL, AMY                             HOURS:     42.2  OT PAY:   $206.58
EMP00283  LEE, MARY                             HOURS:     45.3  OT PAY:   $443.50
EMP00351  WILLIAMS, NANCY                       HOURS:     55.0  OT PAY:   $933.00
EMP00132  GONZALEZ, NANCY                       HOURS:     56.3  OT PAY:   $976.69
EMP00513  MARTINEZ, TIMOTHY                     HOURS:     54.5  OT PAY:   $890.59
EMP00058  TURNER, JAMES                         HOURS:     58.3  OT PAY:   $993.14
EMP00205  PHILLIPS, ANGELA                      HOURS:     53.6  OT PAY:   $820.48
EMP00397  LEE, SHARON                           HOURS:     58.6  OT PAY:   $972.78
EMP00096  MITCHELL, DANIEL                      HOURS:     52.7  OT PAY:   $757.04
EMP00472  NELSON, JOSEPH                        HOURS:     47.4  OT PAY:   $502.68
EMP00109  JONES, JOSHUA                         HOURS:     59.5  OT PAY:   $942.43
EMP00189  WHITE, MATTHEW                        HOURS:     48.2  OT PAY:   $523.73
EMP00440  GARCIA, RONALD                        HOURS:     59.4  OT PAY:   $928.48
EMP00094  SCOTT, MICHAEL                        HOURS:     59.1  OT PAY:   $905.53
EMP00035  ANDERSON, GEORGE                      HOURS:     49.1  OT PAY:   $548.73
EMP00120  JONES, ANDREW                         HOURS:     48.1  OT PAY:   $500.66
EMP00082  CARTER, LISA                          HOURS:     56.3  OT PAY:   $810.27
EMP00023  HALL, KENNETH                         HOURS:     48.2  OT PAY:   $500.61
EMP00332  YOUNG, HELEN                          HOURS:     55.0  OT PAY:   $764.55
EMP00498  BROWN, ELIZABETH                      HOURS:     49.6  OT PAY:   $554.20
EMP00053  KING, CHRISTOPHER                     HOURS:     53.7  OT PAY:   $700.89
EMP00281  ROBERTS, DONNA                        HOURS:     55.3  OT PAY:   $752.30
EMP00414  THOMPSON, MATTHEW                     HOURS:     46.9  OT PAY:   $418.76
EMP00500  RAMIREZ, ANGELA                       HOURS:     42.5  OT PAY:   $173.95
EMP00209  HALL, LINDA                           HOURS:     44.4  OT PAY:   $286.17
EMP00176  ALLEN, LINDA                          HOURS:     52.7  OT PAY:   $643.63
EMP00143  THOMPSON, DEBORAH                     HOURS:     48.2  OT PAY:   $466.49
EMP00034  NGUYEN, GEORGE                        HOURS:     45.0  OT PAY:   $309.65
EMP00161  WILSON, DONALD                        HOURS:     48.7  OT PAY:   $482.32
EMP00530  THOMAS, JASON                         HOURS:     53.1  OT PAY:   $645.43
EMP00234  HILL, ANDREW                          HOURS:     46.4  OT PAY:   $376.57
EMP00318  ADAMS, EMILY                          HOURS:     57.8  OT PAY:   $769.67
EMP00480  MOORE, LISA                           HOURS:     47.3  OT PAY:   $410.40
EMP00356  CARTER, DANIEL                        HOURS:     56.7  OT PAY:   $720.93
EMP00340  WHITE, MARY                           HOURS:     54.8  OT PAY:   $667.77
EMP00139  CAMPBELL, MICHAEL                     HOURS:     49.4  OT PAY:   $478.36
EMP00496  YOUNG, JASON                          HOURS:     49.4  OT PAY:   $477.99
EMP00346  ROBINSON, KENNETH                     HOURS:     40.5  OT PAY:    $33.63
EMP00003  SANCHEZ, SANDRA                       HOURS:     44.1  OT PAY:   $240.75
EMP00538  GARCIA, CHARLES                       HOURS:     51.3  OT PAY:   $525.56
EMP00164  ANDERSON, MATTHEW                     HOURS:     52.9  OT PAY:   $574.43
EMP00539  LEWIS, KIMBERLY                       HOURS:     43.4  OT PAY:   $197.50
EMP00339  WALKER, MARK                          HOURS:     42.4  OT PAY:   $143.23
EMP00435  JONES, LINDA                          HOURS:     41.4  OT PAY:    $86.22
EMP00271  LEWIS, SANDRA                         HOURS:     42.0  OT PAY:   $120.60
EMP00151  TURNER, ASHLEY                        HOURS:     41.3  OT PAY:    $80.08
EMP00227  MOORE, JOHN                           HOURS:     56.6  OT PAY:   $654.53
EMP00304  GONZALEZ, RICHARD                     HOURS:     51.5  OT PAY:   $511.98
EMP00119  THOMPSON, KIMBERLY                    HOURS:     43.3  OT PAY:   $183.57
EMP00007  MOORE, RUTH                           HOURS:     48.3  OT PAY:   $390.26
EMP00104  CARTER, ANTHONY                       HOURS:     46.6  OT PAY:   $325.38
EMP00400  BROWN, KIMBERLY                       HOURS:     47.8  OT PAY:   $367.38
EMP00117  MARTIN, JENNIFER                      HOURS:     54.0  OT PAY:   $557.34
EMP00510  PEREZ, THOMAS                         HOURS:     54.8  OT PAY:   $574.68
EMP00273  MILLER, RICHARD                       HOURS:     42.9  OT PAY:   $156.86
EMP00175  ROBERTS, BRIAN                        HOURS:     46.6  OT PAY:   $315.28
EMP00292  GOMEZ, BETTY                          HOURS:     53.3  OT PAY:   $518.83
EMP00315  ANDERSON, LINDA                       HOURS:     42.6  OT PAY:   $137.85
EMP00254  SMITH, BARBARA                        HOURS:     54.6  OT PAY:   $543.99
EMP00532  WALKER, JESSICA                       HOURS:     48.3  OT PAY:   $362.62
EMP00226  EVANS, EDWARD                         HOURS:     55.3  OT PAY:   $549.88
EMP00280  GONZALEZ, MATTHEW                     HOURS:     58.3  OT PAY:   $613.78
EMP00048  MARTIN, STEVEN                        HOURS:     57.1  OT PAY:   $584.30
EMP00322  JONES, TIMOTHY                        HOURS:     44.1  OT PAY:   $198.64
EMP00002  GARCIA, EMILY                         HOURS:     43.8  OT PAY:   $184.45
EMP00190  PEREZ, LAURA                          HOURS:     53.7  OT PAY:   $499.91
EMP00122  TAYLOR, SHARON                        HOURS:     51.9  OT PAY:   $451.72
EMP00495  MARTINEZ, DONALD                      HOURS:     56.5  OT PAY:   $558.36
EMP00490  MARTINEZ, LINDA                       HOURS:     45.0  OT PAY:   $228.95
EMP00264  GREEN, CHARLES                        HOURS:     50.9  OT PAY:   $419.65
EMP00134  RAMIREZ, DEBORAH                      HOURS:     51.0  OT PAY:   $415.25
EMP00354  NGUYEN, CAROL                         HOURS:     51.4  OT PAY:   $414.84
EMP00335  MARTIN, ROBERT                        HOURS:     45.3  OT PAY:   $229.27
EMP00275  PEREZ, SARAH                          HOURS:     53.9  OT PAY:   $450.49
EMP00324  SANCHEZ, BARBARA                      HOURS:     40.9  OT PAY:    $42.77
EMP00383  TORRES, STEVEN                        HOURS:     47.3  OT PAY:   $279.66
EMP00125  LOPEZ, HELEN                          HOURS:     54.2  OT PAY:   $451.70
EMP00449  HALL, EMILY                           HOURS:     45.5  OT PAY:   $221.98
EMP00126  MITCHELL, JASON                       HOURS:     43.9  OT PAY:   $158.80
EMP00432  MARTINEZ, PAUL                        HOURS:     44.8  OT PAY:   $184.17
EMP00252  MOORE, EDWARD                         HOURS:     47.5  OT PAY:   $263.92
EMP00422  RODRIGUEZ, MARK                       HOURS:     52.3  OT PAY:   $378.59
EMP00246  DIAZ, GEORGE                          HOURS:     43.0  OT PAY:   $120.90
EMP00482  DIAZ, JASON                           HOURS:     50.0  OT PAY:   $324.90
EMP00170  NGUYEN, NANCY                         HOURS:     41.6  OT PAY:    $67.40
EMP00166  WILLIAMS, RONALD                      HOURS:     58.2  OT PAY:   $479.57
EMP00258  GREEN, ROBERT                         HOURS:     48.4  OT PAY:   $272.91
EMP00247  JONES, SUSAN                          HOURS:     51.7  OT PAY:   $327.60
EMP00249  TURNER, HELEN                         HOURS:     51.7  OT PAY:   $306.54
EMP00193  FLORES, MATTHEW                       HOURS:     42.6  OT PAY:    $88.84
EMP00427  ROBINSON, DAVID                       HOURS:     41.6  OT PAY:    $56.11
EMP00431  CLARK, DONNA                          HOURS:     47.9  OT PAY:   $224.51
EMP00185  THOMPSON, EDWARD                      HOURS:     53.4  OT PAY:   $319.59
EMP00358  MARTIN, WILLIAM                       HOURS:     42.8  OT PAY:    $90.21
EMP00253  BROWN, RUTH                           HOURS:     53.7  OT PAY:   $318.25
EMP00212  ANDERSON, WILLIAM                     HOURS:     54.0  OT PAY:   $318.78
EMP00389  JOHNSON, EDWARD                       HOURS:     53.1  OT PAY:   $299.46
EMP00473  TORRES, KENNETH                       HOURS:     41.5  OT PAY:    $47.85
EMP00004  MARTINEZ, CHRISTOPHER                 HOURS:     46.4  OT PAY:   $171.45
EMP00163  LOPEZ, KIMBERLY                       HOURS:     46.4  OT PAY:   $169.60
EMP00387  BAKER, SUSAN                          HOURS:     43.1  OT PAY:    $89.83
